[0.067s] DEBUG:colcon:Command line arguments: ['/usr/bin/colcon', 'build', '--packages-select', 'rover', '--symlink-install']
[0.067s] DEBUG:colcon:Parsed command line arguments: Namespace(log_base=None, log_level=None, verb_name='build', build_base='build', install_base='install', merge_install=False, symlink_install=True, test_result_base=None, continue_on_error=False, executor='parallel', parallel_workers=16, event_handlers=None, ignore_user_meta=False, metas=['./colcon.meta'], base_paths=['.'], packages_ignore=None, packages_ignore_regex=None, paths=None, packages_up_to=None, packages_up_to_regex=None, packages_above=None, packages_above_and_dependencies=None, packages_above_depth=None, packages_select_by_dep=None, packages_skip_by_dep=None, packages_skip_up_to=None, packages_select_build_failed=False, packages_skip_build_finished=False, packages_select_test_failures=False, packages_skip_test_passed=False, packages_select=['rover'], packages_skip=None, packages_select_regex=None, packages_skip_regex=None, packages_start=None, packages_end=None, allow_overriding=[], cmake_args=None, cmake_target=None, cmake_target_skip_unavailable=False, cmake_clean_cache=False, cmake_clean_first=False, cmake_force_configure=False, ament_cmake_args=None, catkin_cmake_args=None, catkin_skip_building_tests=False, mixin_files=None, mixin=None, verb_parser=<colcon_mixin.mixin.mixin_argument.MixinArgumentDecorator object at 0x738bb0a637f0>, verb_extension=<colcon_core.verb.build.BuildVerb object at 0x738bb0a63190>, main=<bound method BuildVerb.main of <colcon_core.verb.build.BuildVerb object at 0x738bb0a63190>>, mixin_verb=('build',))
[0.171s] Level 1:colcon.colcon_core.package_discovery:discover_packages(colcon_meta) check parameters
[0.171s] Level 1:colcon.colcon_core.package_discovery:discover_packages(recursive) check parameters
[0.171s] Level 1:colcon.colcon_core.package_discovery:discover_packages(ignore) check parameters
[0.171s] Level 1:colcon.colcon_core.package_discovery:discover_packages(path) check parameters
[0.171s] Level 1:colcon.colcon_core.package_discovery:discover_packages(colcon_meta) discover
[0.171s] Level 1:colcon.colcon_core.package_discovery:discover_packages(recursive) discover
[0.172s] INFO:colcon.colcon_core.package_discovery:Crawling recursively for packages in '/home/cv-02/all_weather_ws'
[0.172s] Level 1:colcon.colcon_core.package_identification:_identify(.) by extensions ['ignore', 'ignore_ament_install']
[0.172s] Level 1:colcon.colcon_core.package_identification:_identify(.) by extension 'ignore'
[0.172s] Level 1:colcon.colcon_core.package_identification:_identify(.) by extension 'ignore_ament_install'
[0.172s] Level 1:colcon.colcon_core.package_identification:_identify(.) by extensions ['colcon_pkg']
[0.172s] Level 1:colcon.colcon_core.package_identification:_identify(.) by extension 'colcon_pkg'
[0.172s] Level 1:colcon.colcon_core.package_identification:_identify(.) by extensions ['colcon_meta']
[0.172s] Level 1:colcon.colcon_core.package_identification:_identify(.) by extension 'colcon_meta'
[0.172s] Level 1:colcon.colcon_core.package_identification:_identify(.) by extensions ['ros']
[0.172s] Level 1:colcon.colcon_core.package_identification:_identify(.) by extension 'ros'
[0.179s] Level 1:colcon.colcon_core.package_identification:_identify(.) by extensions ['cmake', 'python']
[0.179s] Level 1:colcon.colcon_core.package_identification:_identify(.) by extension 'cmake'
[0.179s] Level 1:colcon.colcon_core.package_identification:_identify(.) by extension 'python'
[0.179s] Level 1:colcon.colcon_core.package_identification:_identify(.) by extensions ['python_setup_py']
[0.179s] Level 1:colcon.colcon_core.package_identification:_identify(.) by extension 'python_setup_py'
[0.179s] Level 1:colcon.colcon_core.package_identification:_identify(build) by extensions ['ignore', 'ignore_ament_install']
[0.179s] Level 1:colcon.colcon_core.package_identification:_identify(build) by extension 'ignore'
[0.179s] Level 1:colcon.colcon_core.package_identification:_identify(build) ignored
[0.179s] Level 1:colcon.colcon_core.package_identification:_identify(install) by extensions ['ignore', 'ignore_ament_install']
[0.179s] Level 1:colcon.colcon_core.package_identification:_identify(install) by extension 'ignore'
[0.179s] Level 1:colcon.colcon_core.package_identification:_identify(install) ignored
[0.179s] Level 1:colcon.colcon_core.package_identification:_identify(log) by extensions ['ignore', 'ignore_ament_install']
[0.179s] Level 1:colcon.colcon_core.package_identification:_identify(log) by extension 'ignore'
[0.179s] Level 1:colcon.colcon_core.package_identification:_identify(log) ignored
[0.179s] Level 1:colcon.colcon_core.package_identification:_identify(src) by extensions ['ignore', 'ignore_ament_install']
[0.179s] Level 1:colcon.colcon_core.package_identification:_identify(src) by extension 'ignore'
[0.179s] Level 1:colcon.colcon_core.package_identification:_identify(src) by extension 'ignore_ament_install'
[0.179s] Level 1:colcon.colcon_core.package_identification:_identify(src) by extensions ['colcon_pkg']
[0.179s] Level 1:colcon.colcon_core.package_identification:_identify(src) by extension 'colcon_pkg'
[0.179s] Level 1:colcon.colcon_core.package_identification:_identify(src) by extensions ['colcon_meta']
[0.179s] Level 1:colcon.colcon_core.package_identification:_identify(src) by extension 'colcon_meta'
[0.179s] Level 1:colcon.colcon_core.package_identification:_identify(src) by extensions ['ros']
[0.179s] Level 1:colcon.colcon_core.package_identification:_identify(src) by extension 'ros'
[0.179s] Level 1:colcon.colcon_core.package_identification:_identify(src) by extensions ['cmake', 'python']
[0.179s] Level 1:colcon.colcon_core.package_identification:_identify(src) by extension 'cmake'
[0.179s] Level 1:colcon.colcon_core.package_identification:_identify(src) by extension 'python'
[0.180s] Level 1:colcon.colcon_core.package_identification:_identify(src) by extensions ['python_setup_py']
[0.180s] Level 1:colcon.colcon_core.package_identification:_identify(src) by extension 'python_setup_py'
[0.180s] Level 1:colcon.colcon_core.package_identification:_identify(src/rover) by extensions ['ignore', 'ignore_ament_install']
[0.180s] Level 1:colcon.colcon_core.package_identification:_identify(src/rover) by extension 'ignore'
[0.180s] Level 1:colcon.colcon_core.package_identification:_identify(src/rover) by extension 'ignore_ament_install'
[0.180s] Level 1:colcon.colcon_core.package_identification:_identify(src/rover) by extensions ['colcon_pkg']
[0.180s] Level 1:colcon.colcon_core.package_identification:_identify(src/rover) by extension 'colcon_pkg'
[0.180s] Level 1:colcon.colcon_core.package_identification:_identify(src/rover) by extensions ['colcon_meta']
[0.180s] Level 1:colcon.colcon_core.package_identification:_identify(src/rover) by extension 'colcon_meta'
[0.180s] Level 1:colcon.colcon_core.package_identification:_identify(src/rover) by extensions ['ros']
[0.180s] Level 1:colcon.colcon_core.package_identification:_identify(src/rover) by extension 'ros'
[0.181s] DEBUG:colcon.colcon_core.package_identification:Failed to parse potential ROS package manifest in'src/rover': Error(s) in package 'src/rover/package.xml':
The manifest contains invalid XML:
not well-formed (invalid token): line 1, column 0
[0.181s] Level 1:colcon.colcon_core.package_identification:_identify(src/rover) by extensions ['cmake', 'python']
[0.181s] Level 1:colcon.colcon_core.package_identification:_identify(src/rover) by extension 'cmake'
[0.181s] Level 1:colcon.colcon_core.package_identification:_identify(src/rover) by extension 'python'
[0.181s] DEBUG:colcon.colcon_core.package_identification:Python package in 'src/rover' passes arguments to the setup() function which requires a different identification extension than 'python'
[0.181s] Level 1:colcon.colcon_core.package_identification:_identify(src/rover) by extensions ['python_setup_py']
[0.181s] Level 1:colcon.colcon_core.package_identification:_identify(src/rover) by extension 'python_setup_py'
[0.340s] DEBUG:colcon.colcon_core.package_identification:Package 'src/rover' with type 'python' and name 'rover'
[0.340s] Level 1:colcon.colcon_core.package_discovery:discover_packages(recursive) using defaults
[0.340s] Level 1:colcon.colcon_core.package_discovery:discover_packages(ignore) discover
[0.340s] Level 1:colcon.colcon_core.package_discovery:discover_packages(ignore) using defaults
[0.340s] Level 1:colcon.colcon_core.package_discovery:discover_packages(path) discover
[0.340s] Level 1:colcon.colcon_core.package_discovery:discover_packages(path) using defaults
[0.359s] Level 1:colcon.colcon_core.package_discovery:discover_packages(prefix_path) check parameters
[0.359s] Level 1:colcon.colcon_core.package_discovery:discover_packages(prefix_path) discover
[0.359s] WARNING:colcon.colcon_ros.prefix_path.ament:The path '/home/cv-02/all_weather_ws/install/rover' in the environment variable AMENT_PREFIX_PATH doesn't exist
[0.360s] DEBUG:colcon.colcon_installed_package_information.package_discovery:Found 384 installed packages in /opt/ros/humble
[0.362s] Level 1:colcon.colcon_core.package_discovery:discover_packages(prefix_path) using defaults
[0.390s] Level 5:colcon.colcon_core.verb:set package 'rover' build argument 'cmake_args' from command line to 'None'
[0.390s] Level 5:colcon.colcon_core.verb:set package 'rover' build argument 'cmake_target' from command line to 'None'
[0.390s] Level 5:colcon.colcon_core.verb:set package 'rover' build argument 'cmake_target_skip_unavailable' from command line to 'False'
[0.390s] Level 5:colcon.colcon_core.verb:set package 'rover' build argument 'cmake_clean_cache' from command line to 'False'
[0.390s] Level 5:colcon.colcon_core.verb:set package 'rover' build argument 'cmake_clean_first' from command line to 'False'
[0.390s] Level 5:colcon.colcon_core.verb:set package 'rover' build argument 'cmake_force_configure' from command line to 'False'
[0.390s] Level 5:colcon.colcon_core.verb:set package 'rover' build argument 'ament_cmake_args' from command line to 'None'
[0.390s] Level 5:colcon.colcon_core.verb:set package 'rover' build argument 'catkin_cmake_args' from command line to 'None'
[0.390s] Level 5:colcon.colcon_core.verb:set package 'rover' build argument 'catkin_skip_building_tests' from command line to 'False'
[0.390s] DEBUG:colcon.colcon_core.verb:Building package 'rover' with the following arguments: {'ament_cmake_args': None, 'build_base': '/home/cv-02/all_weather_ws/build/rover', 'catkin_cmake_args': None, 'catkin_skip_building_tests': False, 'cmake_args': None, 'cmake_clean_cache': False, 'cmake_clean_first': False, 'cmake_force_configure': False, 'cmake_target': None, 'cmake_target_skip_unavailable': False, 'install_base': '/home/cv-02/all_weather_ws/install/rover', 'merge_install': False, 'path': '/home/cv-02/all_weather_ws/src/rover', 'symlink_install': True, 'test_result_base': None}
[0.390s] INFO:colcon.colcon_core.executor:Executing jobs using 'parallel' executor
[0.391s] DEBUG:colcon.colcon_parallel_executor.executor.parallel:run_until_complete
[0.391s] INFO:colcon.colcon_core.task.python.build:Building Python package in '/home/cv-02/all_weather_ws/src/rover'
[0.392s] INFO:colcon.colcon_core.plugin_system:Skipping extension 'colcon_core.shell.bat': Not used on non-Windows systems
[0.392s] INFO:colcon.colcon_core.shell:Skip shell extension 'powershell' for command environment: Not usable outside of PowerShell
[0.392s] DEBUG:colcon.colcon_core.shell:Skip shell extension 'dsv' for command environment
[0.788s] DEBUG:colcon.colcon_core.task.python.build:Available setuptools commands: check, setopt, build_ext, build, alias, build_clib, sdist, bdist_dumb, egg_info, build_scripts, install, install_headers, bdist_egg, symlink_data, develop, dist_info, install_lib, install_egg_info, easy_install, extract_messages, register, bdist_wheel, saveopts, build_py, install_scripts, bdist_rpm, upload_docs, install_data, clean, upload, init_catalog, rotate, bdist, test, update_catalog, compile_catalog
[0.981s] DEBUG:colcon.colcon_core.task.python.build:Available setuptools 'develop' options: --quiet, --exclude-scripts, --editable, --egg-path, --allow-hosts, --prefix, --zip-ok, --install-dir, --verbose, --user, --always-copy, --dry-run, --no-find-links, --install-layout, --site-dirs, --no-deps, --upgrade, --always-unzip, --no-user-cfg, --build-directory, --help, --force-installation-into-system-dir, --script-dir, --uninstall, --find-links, --index-url, --version, --optimize, --local-snapshots-ok, --multi-version, --record
[0.983s] DEBUG:colcon.colcon_core.event_handler.log_command:Invoking command in '/home/cv-02/all_weather_ws/build/rover': PYTHONPATH=/home/cv-02/all_weather_ws/build/rover/prefix_override:/usr/lib/python3/dist-packages/colcon_core/task/python/colcon_distutils_commands:/home/cv-02/all_weather_ws/install/rover/lib/python3.10/site-packages:${PYTHONPATH} /usr/bin/python3 -W ignore:setup.py install is deprecated -W ignore:easy_install command is deprecated setup.py develop --editable --build-directory /home/cv-02/all_weather_ws/build/rover/build --no-deps symlink_data
[1.284s] Level 1:colcon.colcon_core.shell:create_environment_hook('rover', 'pythonpath_develop')
[1.284s] INFO:colcon.colcon_core.shell:Creating environment hook '/home/cv-02/all_weather_ws/build/rover/share/rover/hook/pythonpath_develop.ps1'
[1.284s] DEBUG:colcon.colcon_core.event_handler.log_command:Invoked command in '/home/cv-02/all_weather_ws/build/rover' returned '0': PYTHONPATH=/home/cv-02/all_weather_ws/build/rover/prefix_override:/usr/lib/python3/dist-packages/colcon_core/task/python/colcon_distutils_commands:/home/cv-02/all_weather_ws/install/rover/lib/python3.10/site-packages:${PYTHONPATH} /usr/bin/python3 -W ignore:setup.py install is deprecated -W ignore:easy_install command is deprecated setup.py develop --editable --build-directory /home/cv-02/all_weather_ws/build/rover/build --no-deps symlink_data
[1.285s] INFO:colcon.colcon_core.shell:Creating environment descriptor '/home/cv-02/all_weather_ws/build/rover/share/rover/hook/pythonpath_develop.dsv'
[1.286s] INFO:colcon.colcon_core.shell:Creating environment hook '/home/cv-02/all_weather_ws/build/rover/share/rover/hook/pythonpath_develop.sh'
[1.289s] Level 1:colcon.colcon_core.environment:checking '/home/cv-02/all_weather_ws/install/rover' for CMake module files
[1.290s] Level 1:colcon.colcon_core.environment:checking '/home/cv-02/all_weather_ws/install/rover' for CMake config files
[1.291s] Level 1:colcon.colcon_core.environment:checking '/home/cv-02/all_weather_ws/install/rover/lib'
[1.291s] Level 1:colcon.colcon_core.environment:checking '/home/cv-02/all_weather_ws/install/rover/bin'
[1.291s] Level 1:colcon.colcon_core.environment:checking '/home/cv-02/all_weather_ws/install/rover/lib/pkgconfig/rover.pc'
[1.291s] Level 1:colcon.colcon_core.environment:checking '/home/cv-02/all_weather_ws/install/rover/lib/python3.10/site-packages'
[1.291s] Level 1:colcon.colcon_core.shell:create_environment_hook('rover', 'pythonpath')
[1.292s] INFO:colcon.colcon_core.shell:Creating environment hook '/home/cv-02/all_weather_ws/install/rover/share/rover/hook/pythonpath.ps1'
[1.292s] INFO:colcon.colcon_core.shell:Creating environment descriptor '/home/cv-02/all_weather_ws/install/rover/share/rover/hook/pythonpath.dsv'
[1.293s] INFO:colcon.colcon_core.shell:Creating environment hook '/home/cv-02/all_weather_ws/install/rover/share/rover/hook/pythonpath.sh'
[1.293s] Level 1:colcon.colcon_core.environment:checking '/home/cv-02/all_weather_ws/install/rover/bin'
[1.293s] Level 1:colcon.colcon_core.environment:create_environment_scripts_only(rover)
[1.294s] INFO:colcon.colcon_core.shell:Creating package script '/home/cv-02/all_weather_ws/install/rover/share/rover/package.ps1'
[1.295s] INFO:colcon.colcon_core.shell:Creating package descriptor '/home/cv-02/all_weather_ws/install/rover/share/rover/package.dsv'
[1.295s] INFO:colcon.colcon_core.shell:Creating package script '/home/cv-02/all_weather_ws/install/rover/share/rover/package.sh'
[1.295s] INFO:colcon.colcon_core.shell:Creating package script '/home/cv-02/all_weather_ws/install/rover/share/rover/package.bash'
[1.296s] INFO:colcon.colcon_core.shell:Creating package script '/home/cv-02/all_weather_ws/install/rover/share/rover/package.zsh'
[1.296s] Level 1:colcon.colcon_core.environment:create_file_with_runtime_dependencies(/home/cv-02/all_weather_ws/install/rover/share/colcon-core/packages/rover)
[1.296s] DEBUG:colcon.colcon_parallel_executor.executor.parallel:closing loop
[1.296s] DEBUG:colcon.colcon_parallel_executor.executor.parallel:loop closed
[1.296s] DEBUG:colcon.colcon_parallel_executor.executor.parallel:run_until_complete finished with '0'
[1.296s] DEBUG:colcon.colcon_core.event_reactor:joining thread
[1.302s] INFO:colcon.colcon_core.plugin_system:Skipping extension 'colcon_notification.desktop_notification.terminal_notifier': Not used on non-Darwin systems
[1.302s] INFO:colcon.colcon_core.plugin_system:Skipping extension 'colcon_notification.desktop_notification.win32': Not used on non-Windows systems
[1.302s] INFO:colcon.colcon_notification.desktop_notification:Sending desktop notification using 'notify2'
[1.315s] DEBUG:colcon.colcon_core.event_reactor:joined thread
[1.316s] INFO:colcon.colcon_core.shell:Creating prefix script '/home/cv-02/all_weather_ws/install/local_setup.ps1'
[1.317s] INFO:colcon.colcon_core.shell:Creating prefix util module '/home/cv-02/all_weather_ws/install/_local_setup_util_ps1.py'
[1.319s] INFO:colcon.colcon_core.shell:Creating prefix chain script '/home/cv-02/all_weather_ws/install/setup.ps1'
[1.320s] INFO:colcon.colcon_core.shell:Creating prefix script '/home/cv-02/all_weather_ws/install/local_setup.sh'
[1.321s] INFO:colcon.colcon_core.shell:Creating prefix util module '/home/cv-02/all_weather_ws/install/_local_setup_util_sh.py'
[1.322s] INFO:colcon.colcon_core.shell:Creating prefix chain script '/home/cv-02/all_weather_ws/install/setup.sh'
[1.324s] INFO:colcon.colcon_core.shell:Creating prefix script '/home/cv-02/all_weather_ws/install/local_setup.bash'
[1.325s] INFO:colcon.colcon_core.shell:Creating prefix chain script '/home/cv-02/all_weather_ws/install/setup.bash'
[1.327s] INFO:colcon.colcon_core.shell:Creating prefix script '/home/cv-02/all_weather_ws/install/local_setup.zsh'
[1.327s] INFO:colcon.colcon_core.shell:Creating prefix chain script '/home/cv-02/all_weather_ws/install/setup.zsh'
