/home/cv-02/all_weather_ws/install/rover/lib/python3.10/site-packages/rover/__init__.py
/home/cv-02/all_weather_ws/install/rover/lib/python3.10/site-packages/rover/__pycache__/__init__.cpython-310.pyc
/home/cv-02/all_weather_ws/install/rover/share/ament_index/resource_index/packages/rover
/home/cv-02/all_weather_ws/install/rover/share/rover/package.xml
/home/cv-02/all_weather_ws/install/rover/share/rover/urdf/wheels.xacro
/home/cv-02/all_weather_ws/install/rover/share/rover/urdf/rover.urdf.xacro
/home/cv-02/all_weather_ws/install/rover/share/rover/urdf/gazebo.xacro
/home/cv-02/all_weather_ws/install/rover/share/rover/urdf/materials.xacro
/home/cv-02/all_weather_ws/install/rover/share/rover/urdf/sensors.xacro
/home/cv-02/all_weather_ws/install/rover/share/rover/urdf/base.xacro
/home/cv-02/all_weather_ws/install/rover/share/rover/urdf/ros2_control.xacro
/home/cv-02/all_weather_ws/install/rover/share/rover/launch/spawn.launch.py
/home/cv-02/all_weather_ws/install/rover/share/rover/launch/gazebo.launch.py
/home/cv-02/all_weather_ws/install/rover/share/rover/config/controllers.yaml
/home/cv-02/all_weather_ws/install/rover/share/rover/worlds/rover_world.sdf
/home/cv-02/all_weather_ws/install/rover/lib/python3.10/site-packages/rover-0.0.0-py3.10.egg-info/SOURCES.txt
/home/cv-02/all_weather_ws/install/rover/lib/python3.10/site-packages/rover-0.0.0-py3.10.egg-info/requires.txt
/home/cv-02/all_weather_ws/install/rover/lib/python3.10/site-packages/rover-0.0.0-py3.10.egg-info/zip-safe
/home/cv-02/all_weather_ws/install/rover/lib/python3.10/site-packages/rover-0.0.0-py3.10.egg-info/dependency_links.txt
/home/cv-02/all_weather_ws/install/rover/lib/python3.10/site-packages/rover-0.0.0-py3.10.egg-info/entry_points.txt
/home/cv-02/all_weather_ws/install/rover/lib/python3.10/site-packages/rover-0.0.0-py3.10.egg-info/PKG-INFO
/home/cv-02/all_weather_ws/install/rover/lib/python3.10/site-packages/rover-0.0.0-py3.10.egg-info/top_level.txt
