[0.682s] Invoking command in '/home/cv-02/all_weather_ws/build/rover': PYTHONPATH=/home/cv-02/all_weather_ws/build/rover/prefix_override:/usr/lib/python3/dist-packages/colcon_core/task/python/colcon_distutils_commands:/home/cv-02/all_weather_ws/install/rover/lib/python3.10/site-packages:${PYTHONPATH} /usr/bin/python3 -W ignore:setup.py install is deprecated -W ignore:easy_install command is deprecated setup.py develop --editable --build-directory /home/cv-02/all_weather_ws/build/rover/build --no-deps symlink_data
[0.897s] running develop
[1.017s] running egg_info
[1.017s] creating rover.egg-info
[1.017s] writing rover.egg-info/PKG-INFO
[1.017s] writing dependency_links to rover.egg-info/dependency_links.txt
[1.017s] writing entry points to rover.egg-info/entry_points.txt
[1.017s] writing requirements to rover.egg-info/requires.txt
[1.017s] writing top-level names to rover.egg-info/top_level.txt
[1.017s] writing manifest file 'rover.egg-info/SOURCES.txt'
[1.019s] reading manifest file 'rover.egg-info/SOURCES.txt'
[1.019s] writing manifest file 'rover.egg-info/SOURCES.txt'
[1.020s] running build_ext
[1.020s] Creating /home/cv-02/all_weather_ws/install/rover/lib/python3.10/site-packages/rover.egg-link (link to .)
[1.021s] 
[1.021s] Installed /home/cv-02/all_weather_ws/build/rover
[1.021s] running symlink_data
[1.021s] creating /home/cv-02/all_weather_ws/install/rover/share
[1.021s] creating /home/cv-02/all_weather_ws/install/rover/share/ament_index
[1.021s] creating /home/cv-02/all_weather_ws/install/rover/share/ament_index/resource_index
[1.021s] creating /home/cv-02/all_weather_ws/install/rover/share/ament_index/resource_index/packages
[1.021s] symbolically linking /home/cv-02/all_weather_ws/build/rover/resource/rover -> /home/cv-02/all_weather_ws/install/rover/share/ament_index/resource_index/packages
[1.021s] creating /home/cv-02/all_weather_ws/install/rover/share/rover
[1.021s] symbolically linking /home/cv-02/all_weather_ws/build/rover/package.xml -> /home/cv-02/all_weather_ws/install/rover/share/rover
[1.021s] creating /home/cv-02/all_weather_ws/install/rover/share/rover/urdf
[1.021s] symbolically linking /home/cv-02/all_weather_ws/build/rover/urdf/wheels.xacro -> /home/cv-02/all_weather_ws/install/rover/share/rover/urdf
[1.021s] symbolically linking /home/cv-02/all_weather_ws/build/rover/urdf/rover.urdf.xacro -> /home/cv-02/all_weather_ws/install/rover/share/rover/urdf
[1.021s] symbolically linking /home/cv-02/all_weather_ws/build/rover/urdf/gazebo.xacro -> /home/cv-02/all_weather_ws/install/rover/share/rover/urdf
[1.021s] symbolically linking /home/cv-02/all_weather_ws/build/rover/urdf/materials.xacro -> /home/cv-02/all_weather_ws/install/rover/share/rover/urdf
[1.021s] symbolically linking /home/cv-02/all_weather_ws/build/rover/urdf/sensors.xacro -> /home/cv-02/all_weather_ws/install/rover/share/rover/urdf
[1.021s] symbolically linking /home/cv-02/all_weather_ws/build/rover/urdf/base.xacro -> /home/cv-02/all_weather_ws/install/rover/share/rover/urdf
[1.021s] symbolically linking /home/cv-02/all_weather_ws/build/rover/urdf/ros2_control.xacro -> /home/cv-02/all_weather_ws/install/rover/share/rover/urdf
[1.021s] creating /home/cv-02/all_weather_ws/install/rover/share/rover/launch
[1.021s] symbolically linking /home/cv-02/all_weather_ws/build/rover/launch/spawn.launch.py -> /home/cv-02/all_weather_ws/install/rover/share/rover/launch
[1.022s] symbolically linking /home/cv-02/all_weather_ws/build/rover/launch/gazebo.launch.py -> /home/cv-02/all_weather_ws/install/rover/share/rover/launch
[1.022s] creating /home/cv-02/all_weather_ws/install/rover/share/rover/config
[1.022s] symbolically linking /home/cv-02/all_weather_ws/build/rover/config/controllers.yaml -> /home/cv-02/all_weather_ws/install/rover/share/rover/config
[1.041s] Invoked command in '/home/cv-02/all_weather_ws/build/rover' returned '0': PYTHONPATH=/home/cv-02/all_weather_ws/build/rover/prefix_override:/usr/lib/python3/dist-packages/colcon_core/task/python/colcon_distutils_commands:/home/cv-02/all_weather_ws/install/rover/lib/python3.10/site-packages:${PYTHONPATH} /usr/bin/python3 -W ignore:setup.py install is deprecated -W ignore:easy_install command is deprecated setup.py develop --editable --build-directory /home/cv-02/all_weather_ws/build/rover/build --no-deps symlink_data
