[0.077s] DEBUG:colcon:Command line arguments: ['/usr/bin/colcon', 'build', '--packages-select', 'rover', '--symlink-install']
[0.077s] DEBUG:colcon:Parsed command line arguments: Namespace(log_base=None, log_level=None, verb_name='build', build_base='build', install_base='install', merge_install=False, symlink_install=True, test_result_base=None, continue_on_error=False, executor='parallel', parallel_workers=16, event_handlers=None, ignore_user_meta=False, metas=['./colcon.meta'], base_paths=['.'], packages_ignore=None, packages_ignore_regex=None, paths=None, packages_up_to=None, packages_up_to_regex=None, packages_above=None, packages_above_and_dependencies=None, packages_above_depth=None, packages_select_by_dep=None, packages_skip_by_dep=None, packages_skip_up_to=None, packages_select_build_failed=False, packages_skip_build_finished=False, packages_select_test_failures=False, packages_skip_test_passed=False, packages_select=['rover'], packages_skip=None, packages_select_regex=None, packages_skip_regex=None, packages_start=None, packages_end=None, allow_overriding=[], cmake_args=None, cmake_target=None, cmake_target_skip_unavailable=False, cmake_clean_cache=False, cmake_clean_first=False, cmake_force_configure=False, ament_cmake_args=None, catkin_cmake_args=None, catkin_skip_building_tests=False, mixin_files=None, mixin=None, verb_parser=<colcon_mixin.mixin.mixin_argument.MixinArgumentDecorator object at 0x7af187d677f0>, verb_extension=<colcon_core.verb.build.BuildVerb object at 0x7af187d67190>, main=<bound method BuildVerb.main of <colcon_core.verb.build.BuildVerb object at 0x7af187d67190>>, mixin_verb=('build',))
[0.201s] Level 1:colcon.colcon_core.package_discovery:discover_packages(colcon_meta) check parameters
[0.201s] Level 1:colcon.colcon_core.package_discovery:discover_packages(recursive) check parameters
[0.201s] Level 1:colcon.colcon_core.package_discovery:discover_packages(ignore) check parameters
[0.201s] Level 1:colcon.colcon_core.package_discovery:discover_packages(path) check parameters
[0.201s] Level 1:colcon.colcon_core.package_discovery:discover_packages(colcon_meta) discover
[0.201s] Level 1:colcon.colcon_core.package_discovery:discover_packages(recursive) discover
[0.201s] INFO:colcon.colcon_core.package_discovery:Crawling recursively for packages in '/home/cv-02/all_weather_ws'
[0.201s] Level 1:colcon.colcon_core.package_identification:_identify(.) by extensions ['ignore', 'ignore_ament_install']
[0.201s] Level 1:colcon.colcon_core.package_identification:_identify(.) by extension 'ignore'
[0.201s] Level 1:colcon.colcon_core.package_identification:_identify(.) by extension 'ignore_ament_install'
[0.201s] Level 1:colcon.colcon_core.package_identification:_identify(.) by extensions ['colcon_pkg']
[0.201s] Level 1:colcon.colcon_core.package_identification:_identify(.) by extension 'colcon_pkg'
[0.201s] Level 1:colcon.colcon_core.package_identification:_identify(.) by extensions ['colcon_meta']
[0.201s] Level 1:colcon.colcon_core.package_identification:_identify(.) by extension 'colcon_meta'
[0.201s] Level 1:colcon.colcon_core.package_identification:_identify(.) by extensions ['ros']
[0.201s] Level 1:colcon.colcon_core.package_identification:_identify(.) by extension 'ros'
[0.209s] Level 1:colcon.colcon_core.package_identification:_identify(.) by extensions ['cmake', 'python']
[0.209s] Level 1:colcon.colcon_core.package_identification:_identify(.) by extension 'cmake'
[0.209s] Level 1:colcon.colcon_core.package_identification:_identify(.) by extension 'python'
[0.209s] Level 1:colcon.colcon_core.package_identification:_identify(.) by extensions ['python_setup_py']
[0.209s] Level 1:colcon.colcon_core.package_identification:_identify(.) by extension 'python_setup_py'
[0.209s] Level 1:colcon.colcon_core.package_identification:_identify(build) by extensions ['ignore', 'ignore_ament_install']
[0.209s] Level 1:colcon.colcon_core.package_identification:_identify(build) by extension 'ignore'
[0.209s] Level 1:colcon.colcon_core.package_identification:_identify(build) ignored
[0.210s] Level 1:colcon.colcon_core.package_identification:_identify(install) by extensions ['ignore', 'ignore_ament_install']
[0.210s] Level 1:colcon.colcon_core.package_identification:_identify(install) by extension 'ignore'
[0.210s] Level 1:colcon.colcon_core.package_identification:_identify(install) ignored
[0.210s] Level 1:colcon.colcon_core.package_identification:_identify(log) by extensions ['ignore', 'ignore_ament_install']
[0.210s] Level 1:colcon.colcon_core.package_identification:_identify(log) by extension 'ignore'
[0.210s] Level 1:colcon.colcon_core.package_identification:_identify(log) ignored
[0.210s] Level 1:colcon.colcon_core.package_identification:_identify(src) by extensions ['ignore', 'ignore_ament_install']
[0.210s] Level 1:colcon.colcon_core.package_identification:_identify(src) by extension 'ignore'
[0.210s] Level 1:colcon.colcon_core.package_identification:_identify(src) by extension 'ignore_ament_install'
[0.210s] Level 1:colcon.colcon_core.package_identification:_identify(src) by extensions ['colcon_pkg']
[0.210s] Level 1:colcon.colcon_core.package_identification:_identify(src) by extension 'colcon_pkg'
[0.210s] Level 1:colcon.colcon_core.package_identification:_identify(src) by extensions ['colcon_meta']
[0.210s] Level 1:colcon.colcon_core.package_identification:_identify(src) by extension 'colcon_meta'
[0.210s] Level 1:colcon.colcon_core.package_identification:_identify(src) by extensions ['ros']
[0.210s] Level 1:colcon.colcon_core.package_identification:_identify(src) by extension 'ros'
[0.210s] Level 1:colcon.colcon_core.package_identification:_identify(src) by extensions ['cmake', 'python']
[0.210s] Level 1:colcon.colcon_core.package_identification:_identify(src) by extension 'cmake'
[0.210s] Level 1:colcon.colcon_core.package_identification:_identify(src) by extension 'python'
[0.210s] Level 1:colcon.colcon_core.package_identification:_identify(src) by extensions ['python_setup_py']
[0.210s] Level 1:colcon.colcon_core.package_identification:_identify(src) by extension 'python_setup_py'
[0.210s] Level 1:colcon.colcon_core.package_identification:_identify(src/rover) by extensions ['ignore', 'ignore_ament_install']
[0.210s] Level 1:colcon.colcon_core.package_identification:_identify(src/rover) by extension 'ignore'
[0.210s] Level 1:colcon.colcon_core.package_identification:_identify(src/rover) by extension 'ignore_ament_install'
[0.210s] Level 1:colcon.colcon_core.package_identification:_identify(src/rover) by extensions ['colcon_pkg']
[0.210s] Level 1:colcon.colcon_core.package_identification:_identify(src/rover) by extension 'colcon_pkg'
[0.210s] Level 1:colcon.colcon_core.package_identification:_identify(src/rover) by extensions ['colcon_meta']
[0.210s] Level 1:colcon.colcon_core.package_identification:_identify(src/rover) by extension 'colcon_meta'
[0.210s] Level 1:colcon.colcon_core.package_identification:_identify(src/rover) by extensions ['ros']
[0.210s] Level 1:colcon.colcon_core.package_identification:_identify(src/rover) by extension 'ros'
[0.212s] DEBUG:colcon.colcon_core.package_identification:Failed to parse potential ROS package manifest in'src/rover': Error(s) in package 'src/rover/package.xml':
The manifest contains invalid XML:
not well-formed (invalid token): line 1, column 0
[0.212s] Level 1:colcon.colcon_core.package_identification:_identify(src/rover) by extensions ['cmake', 'python']
[0.212s] Level 1:colcon.colcon_core.package_identification:_identify(src/rover) by extension 'cmake'
[0.212s] Level 1:colcon.colcon_core.package_identification:_identify(src/rover) by extension 'python'
[0.212s] DEBUG:colcon.colcon_core.package_identification:Python package in 'src/rover' passes arguments to the setup() function which requires a different identification extension than 'python'
[0.212s] Level 1:colcon.colcon_core.package_identification:_identify(src/rover) by extensions ['python_setup_py']
[0.212s] Level 1:colcon.colcon_core.package_identification:_identify(src/rover) by extension 'python_setup_py'
[0.399s] DEBUG:colcon.colcon_core.package_identification:Package 'src/rover' with type 'python' and name 'rover'
[0.400s] Level 1:colcon.colcon_core.package_discovery:discover_packages(recursive) using defaults
[0.400s] Level 1:colcon.colcon_core.package_discovery:discover_packages(ignore) discover
[0.400s] Level 1:colcon.colcon_core.package_discovery:discover_packages(ignore) using defaults
[0.400s] Level 1:colcon.colcon_core.package_discovery:discover_packages(path) discover
[0.400s] Level 1:colcon.colcon_core.package_discovery:discover_packages(path) using defaults
[0.422s] Level 1:colcon.colcon_core.package_discovery:discover_packages(prefix_path) check parameters
[0.422s] Level 1:colcon.colcon_core.package_discovery:discover_packages(prefix_path) discover
[0.422s] WARNING:colcon.colcon_ros.prefix_path.ament:The path '/home/cv-02/all_weather_ws/install/rover' in the environment variable AMENT_PREFIX_PATH doesn't exist
[0.423s] DEBUG:colcon.colcon_installed_package_information.package_discovery:Found 0 installed packages in /home/cv-02/all_weather_ws/install
[0.423s] DEBUG:colcon.colcon_installed_package_information.package_discovery:Found 1 installed packages in /home/cv-02/cognipilot/electrode/install
[0.424s] DEBUG:colcon.colcon_installed_package_information.package_discovery:Found 16 installed packages in /home/cv-02/cognipilot/cranium/install
[0.425s] DEBUG:colcon.colcon_installed_package_information.package_discovery:Found 384 installed packages in /opt/ros/humble
[0.426s] Level 1:colcon.colcon_core.package_discovery:discover_packages(prefix_path) using defaults
[0.459s] Level 5:colcon.colcon_core.verb:set package 'rover' build argument 'cmake_args' from command line to 'None'
[0.459s] Level 5:colcon.colcon_core.verb:set package 'rover' build argument 'cmake_target' from command line to 'None'
[0.459s] Level 5:colcon.colcon_core.verb:set package 'rover' build argument 'cmake_target_skip_unavailable' from command line to 'False'
[0.459s] Level 5:colcon.colcon_core.verb:set package 'rover' build argument 'cmake_clean_cache' from command line to 'False'
[0.459s] Level 5:colcon.colcon_core.verb:set package 'rover' build argument 'cmake_clean_first' from command line to 'False'
[0.459s] Level 5:colcon.colcon_core.verb:set package 'rover' build argument 'cmake_force_configure' from command line to 'False'
[0.459s] Level 5:colcon.colcon_core.verb:set package 'rover' build argument 'ament_cmake_args' from command line to 'None'
[0.459s] Level 5:colcon.colcon_core.verb:set package 'rover' build argument 'catkin_cmake_args' from command line to 'None'
[0.459s] Level 5:colcon.colcon_core.verb:set package 'rover' build argument 'catkin_skip_building_tests' from command line to 'False'
[0.459s] DEBUG:colcon.colcon_core.verb:Building package 'rover' with the following arguments: {'ament_cmake_args': None, 'build_base': '/home/cv-02/all_weather_ws/build/rover', 'catkin_cmake_args': None, 'catkin_skip_building_tests': False, 'cmake_args': None, 'cmake_clean_cache': False, 'cmake_clean_first': False, 'cmake_force_configure': False, 'cmake_target': None, 'cmake_target_skip_unavailable': False, 'install_base': '/home/cv-02/all_weather_ws/install/rover', 'merge_install': False, 'path': '/home/cv-02/all_weather_ws/src/rover', 'symlink_install': True, 'test_result_base': None}
[0.459s] INFO:colcon.colcon_core.executor:Executing jobs using 'parallel' executor
[0.460s] DEBUG:colcon.colcon_parallel_executor.executor.parallel:run_until_complete
[0.460s] INFO:colcon.colcon_core.task.python.build:Building Python package in '/home/cv-02/all_weather_ws/src/rover'
[0.462s] INFO:colcon.colcon_core.plugin_system:Skipping extension 'colcon_core.shell.bat': Not used on non-Windows systems
[0.462s] INFO:colcon.colcon_core.shell:Skip shell extension 'powershell' for command environment: Not usable outside of PowerShell
[0.462s] DEBUG:colcon.colcon_core.shell:Skip shell extension 'dsv' for command environment
[0.909s] DEBUG:colcon.colcon_core.task.python.build:Available setuptools commands: dist_info, saveopts, build_scripts, egg_info, register, bdist_dumb, setopt, symlink_data, install_headers, rotate, check, upload_docs, clean, bdist_rpm, sdist, install, install_egg_info, install_scripts, extract_messages, build_py, build_ext, build_clib, develop, easy_install, install_lib, test, compile_catalog, update_catalog, bdist, alias, init_catalog, upload, build, bdist_egg, bdist_wheel, install_data
[1.113s] DEBUG:colcon.colcon_core.task.python.build:Available setuptools 'develop' options: --help, --build-directory, --site-dirs, --exclude-scripts, --force-installation-into-system-dir, --script-dir, --dry-run, --optimize, --no-find-links, --record, --quiet, --egg-path, --index-url, --install-layout, --user, --upgrade, --always-unzip, --verbose, --allow-hosts, --no-deps, --find-links, --version, --multi-version, --zip-ok, --editable, --always-copy, --local-snapshots-ok, --prefix, --uninstall, --install-dir, --no-user-cfg
[1.116s] DEBUG:colcon.colcon_core.event_handler.log_command:Invoking command in '/home/cv-02/all_weather_ws/build/rover': PYTHONPATH=/home/cv-02/all_weather_ws/build/rover/prefix_override:/usr/lib/python3/dist-packages/colcon_core/task/python/colcon_distutils_commands:/home/cv-02/all_weather_ws/install/rover/lib/python3.10/site-packages:${PYTHONPATH} /usr/bin/python3 -W ignore:setup.py install is deprecated -W ignore:easy_install command is deprecated setup.py develop --editable --build-directory /home/cv-02/all_weather_ws/build/rover/build --no-deps symlink_data
[1.455s] Level 1:colcon.colcon_core.shell:create_environment_hook('rover', 'pythonpath_develop')
[1.455s] INFO:colcon.colcon_core.shell:Creating environment hook '/home/cv-02/all_weather_ws/build/rover/share/rover/hook/pythonpath_develop.ps1'
[1.456s] DEBUG:colcon.colcon_core.event_handler.log_command:Invoked command in '/home/cv-02/all_weather_ws/build/rover' returned '0': PYTHONPATH=/home/cv-02/all_weather_ws/build/rover/prefix_override:/usr/lib/python3/dist-packages/colcon_core/task/python/colcon_distutils_commands:/home/cv-02/all_weather_ws/install/rover/lib/python3.10/site-packages:${PYTHONPATH} /usr/bin/python3 -W ignore:setup.py install is deprecated -W ignore:easy_install command is deprecated setup.py develop --editable --build-directory /home/cv-02/all_weather_ws/build/rover/build --no-deps symlink_data
[1.456s] INFO:colcon.colcon_core.shell:Creating environment descriptor '/home/cv-02/all_weather_ws/build/rover/share/rover/hook/pythonpath_develop.dsv'
[1.456s] INFO:colcon.colcon_core.shell:Creating environment hook '/home/cv-02/all_weather_ws/build/rover/share/rover/hook/pythonpath_develop.sh'
[1.458s] Level 1:colcon.colcon_core.environment:checking '/home/cv-02/all_weather_ws/install/rover' for CMake module files
[1.459s] Level 1:colcon.colcon_core.environment:checking '/home/cv-02/all_weather_ws/install/rover' for CMake config files
[1.459s] Level 1:colcon.colcon_core.environment:checking '/home/cv-02/all_weather_ws/install/rover/lib'
[1.459s] Level 1:colcon.colcon_core.environment:checking '/home/cv-02/all_weather_ws/install/rover/bin'
[1.459s] Level 1:colcon.colcon_core.environment:checking '/home/cv-02/all_weather_ws/install/rover/lib/pkgconfig/rover.pc'
[1.459s] Level 1:colcon.colcon_core.environment:checking '/home/cv-02/all_weather_ws/install/rover/lib/python3.10/site-packages'
[1.459s] Level 1:colcon.colcon_core.shell:create_environment_hook('rover', 'pythonpath')
[1.460s] INFO:colcon.colcon_core.shell:Creating environment hook '/home/cv-02/all_weather_ws/install/rover/share/rover/hook/pythonpath.ps1'
[1.460s] INFO:colcon.colcon_core.shell:Creating environment descriptor '/home/cv-02/all_weather_ws/install/rover/share/rover/hook/pythonpath.dsv'
[1.460s] INFO:colcon.colcon_core.shell:Creating environment hook '/home/cv-02/all_weather_ws/install/rover/share/rover/hook/pythonpath.sh'
[1.460s] Level 1:colcon.colcon_core.environment:checking '/home/cv-02/all_weather_ws/install/rover/bin'
[1.460s] Level 1:colcon.colcon_core.environment:create_environment_scripts_only(rover)
[1.461s] INFO:colcon.colcon_core.shell:Creating package script '/home/cv-02/all_weather_ws/install/rover/share/rover/package.ps1'
[1.461s] INFO:colcon.colcon_core.shell:Creating package descriptor '/home/cv-02/all_weather_ws/install/rover/share/rover/package.dsv'
[1.462s] INFO:colcon.colcon_core.shell:Creating package script '/home/cv-02/all_weather_ws/install/rover/share/rover/package.sh'
[1.462s] INFO:colcon.colcon_core.shell:Creating package script '/home/cv-02/all_weather_ws/install/rover/share/rover/package.bash'
[1.463s] INFO:colcon.colcon_core.shell:Creating package script '/home/cv-02/all_weather_ws/install/rover/share/rover/package.zsh'
[1.463s] Level 1:colcon.colcon_core.environment:create_file_with_runtime_dependencies(/home/cv-02/all_weather_ws/install/rover/share/colcon-core/packages/rover)
[1.463s] DEBUG:colcon.colcon_parallel_executor.executor.parallel:closing loop
[1.463s] DEBUG:colcon.colcon_parallel_executor.executor.parallel:loop closed
[1.463s] DEBUG:colcon.colcon_parallel_executor.executor.parallel:run_until_complete finished with '0'
[1.463s] DEBUG:colcon.colcon_core.event_reactor:joining thread
[1.468s] INFO:colcon.colcon_core.plugin_system:Skipping extension 'colcon_notification.desktop_notification.terminal_notifier': Not used on non-Darwin systems
[1.468s] INFO:colcon.colcon_core.plugin_system:Skipping extension 'colcon_notification.desktop_notification.win32': Not used on non-Windows systems
[1.468s] INFO:colcon.colcon_notification.desktop_notification:Sending desktop notification using 'notify2'
[1.477s] DEBUG:colcon.colcon_core.event_reactor:joined thread
[1.478s] INFO:colcon.colcon_core.shell:Creating prefix script '/home/cv-02/all_weather_ws/install/local_setup.ps1'
[1.479s] INFO:colcon.colcon_core.shell:Creating prefix util module '/home/cv-02/all_weather_ws/install/_local_setup_util_ps1.py'
[1.481s] INFO:colcon.colcon_core.shell:Creating prefix chain script '/home/cv-02/all_weather_ws/install/setup.ps1'
[1.482s] INFO:colcon.colcon_core.shell:Creating prefix script '/home/cv-02/all_weather_ws/install/local_setup.sh'
[1.482s] INFO:colcon.colcon_core.shell:Creating prefix util module '/home/cv-02/all_weather_ws/install/_local_setup_util_sh.py'
[1.483s] INFO:colcon.colcon_core.shell:Creating prefix chain script '/home/cv-02/all_weather_ws/install/setup.sh'
[1.483s] INFO:colcon.colcon_core.shell:Creating prefix script '/home/cv-02/all_weather_ws/install/local_setup.bash'
[1.484s] INFO:colcon.colcon_core.shell:Creating prefix chain script '/home/cv-02/all_weather_ws/install/setup.bash'
[1.485s] INFO:colcon.colcon_core.shell:Creating prefix script '/home/cv-02/all_weather_ws/install/local_setup.zsh'
[1.485s] INFO:colcon.colcon_core.shell:Creating prefix chain script '/home/cv-02/all_weather_ws/install/setup.zsh'
