running develop
Removing /home/cv-02/all_weather_ws/install/rover/lib/python3.10/site-packages/rover.egg-link (link to .)
running egg_info
writing ../../build/rover/rover.egg-info/PKG-INFO
writing dependency_links to ../../build/rover/rover.egg-info/dependency_links.txt
writing entry points to ../../build/rover/rover.egg-info/entry_points.txt
writing requirements to ../../build/rover/rover.egg-info/requires.txt
writing top-level names to ../../build/rover/rover.egg-info/top_level.txt
reading manifest file '../../build/rover/rover.egg-info/SOURCES.txt'
writing manifest file '../../build/rover/rover.egg-info/SOURCES.txt'
running build
running build_py
creating /home/cv-02/all_weather_ws/build/rover/build
creating /home/cv-02/all_weather_ws/build/rover/build/lib
creating /home/cv-02/all_weather_ws/build/rover/build/lib/rover
copying rover/__init__.py -> /home/cv-02/all_weather_ws/build/rover/build/lib/rover
running install
running install_lib
creating /home/cv-02/all_weather_ws/install/rover/lib/python3.10/site-packages/rover
copying /home/cv-02/all_weather_ws/build/rover/build/lib/rover/__init__.py -> /home/cv-02/all_weather_ws/install/rover/lib/python3.10/site-packages/rover
byte-compiling /home/cv-02/all_weather_ws/install/rover/lib/python3.10/site-packages/rover/__init__.py to __init__.cpython-310.pyc
running install_data
copying resource/rover -> /home/cv-02/all_weather_ws/install/rover/share/ament_index/resource_index/packages
copying package.xml -> /home/cv-02/all_weather_ws/install/rover/share/rover
copying urdf/wheels.xacro -> /home/cv-02/all_weather_ws/install/rover/share/rover/urdf
copying urdf/rover.urdf.xacro -> /home/cv-02/all_weather_ws/install/rover/share/rover/urdf
copying urdf/gazebo.xacro -> /home/cv-02/all_weather_ws/install/rover/share/rover/urdf
copying urdf/materials.xacro -> /home/cv-02/all_weather_ws/install/rover/share/rover/urdf
copying urdf/sensors.xacro -> /home/cv-02/all_weather_ws/install/rover/share/rover/urdf
copying urdf/base.xacro -> /home/cv-02/all_weather_ws/install/rover/share/rover/urdf
copying urdf/ros2_control.xacro -> /home/cv-02/all_weather_ws/install/rover/share/rover/urdf
copying launch/spawn.launch.py -> /home/cv-02/all_weather_ws/install/rover/share/rover/launch
copying launch/gazebo.launch.py -> /home/cv-02/all_weather_ws/install/rover/share/rover/launch
copying config/controllers.yaml -> /home/cv-02/all_weather_ws/install/rover/share/rover/config
running install_egg_info
Copying ../../build/rover/rover.egg-info to /home/cv-02/all_weather_ws/install/rover/lib/python3.10/site-packages/rover-0.0.0-py3.10.egg-info
running install_scripts
writing list of installed files to '/home/cv-02/all_weather_ws/build/rover/install.log'
